../Core/Src/main.c:115:5:main	8	static
../Core/Src/main.c:170:6:SystemClock_Config	88	static
../Core/Src/main.c:217:13:MX_ADC1_Init	40	static
../Core/Src/main.c:287:13:MX_I2C1_Init	8	static
../Core/Src/main.c:321:13:MX_TIM1_Init	80	static
../Core/Src/main.c:390:13:MX_TIM2_Init	56	static
../Core/Src/main.c:457:13:MX_USART2_UART_Init	8	static
../Core/Src/main.c:488:13:MX_DMA_Init	16	static
../Core/Src/main.c:512:13:MX_GPIO_Init	40	static
../Core/Src/main.c:547:6:MPU6050Read	64	static
../Core/Src/main.c:568:6:angleRegulation	16	static
../Core/Src/main.c:592:6:speedRegulation	16	static
../Core/Src/main.c:604:6:stepper_motor	8	static
../Core/Src/main.c:631:6:HAL_TIM_IC_CaptureCallback	24	static
../Core/Src/main.c:644:6:HAL_ADCEx_InjectedConvCpltCallback	16	static
../Core/Src/main.c:654:6:HAL_I2C_MemRxCpltCallback	32	static
../Core/Src/main.c:676:6:HAL_TIM_PeriodElapsedCallback	16	static
../Core/Src/main.c:685:6:InitMPU6050	32	static
../Core/Src/main.c:709:6:Error_Handler	4	static,ignoring_inline_asm
