../Core/Src/main.c:114:5:main	8	static
../Core/Src/main.c:173:6:SystemClock_Config	88	static
../Core/Src/main.c:220:13:MX_ADC1_Init	40	static
../Core/Src/main.c:290:13:MX_I2C1_Init	8	static
../Core/Src/main.c:324:13:MX_TIM1_Init	80	static
../Core/Src/main.c:393:13:MX_TIM2_Init	56	static
../Core/Src/main.c:460:13:MX_TIM3_Init	48	static
../Core/Src/main.c:509:13:MX_USART2_UART_Init	8	static
../Core/Src/main.c:542:13:MX_USART3_UART_Init	8	static
../Core/Src/main.c:573:13:MX_DMA_Init	16	static
../Core/Src/main.c:600:13:MX_GPIO_Init	40	static
../Core/Src/main.c:633:6:HAL_TIM_IC_CaptureCallback	24	static
../Core/Src/main.c:655:6:HAL_ADCEx_InjectedConvCpltCallback	16	static
../Core/Src/main.c:665:6:HAL_I2C_MemRxCpltCallback	32	static
../Core/Src/main.c:693:6:HAL_UART_RxCpltCallback	16	static
../Core/Src/main.c:739:6:Error_Handler	4	static,ignoring_inline_asm
